// Jest Snapshot v1, https://goo.gl/fbAQLP

exports[`<Button /> renders correctly 1`] = `
<View
  accessible={true}
  collapsable={false}
  focusable={true}
  onBlur={[Function]}
  onClick={[Function]}
  onFocus={[Function]}
  onResponderGrant={[Function]}
  onResponderMove={[Function]}
  onResponderRelease={[Function]}
  onResponderTerminate={[Function]}
  onResponderTerminationRequest={[Function]}
  onStartShouldSetResponder={[Function]}
  style={
    Array [
      false,
      Object {
        "alignItems": "center",
        "backgroundColor": "#0067ff",
        "borderRadius": 4,
        "elevation": 3,
        "justifyContent": "center",
        "paddingHorizontal": 32,
        "paddingVertical": 12,
        "shadowColor": "black",
        "shadowOffset": Object {
          "height": 1,
          "width": 0,
        },
        "shadowOpacity": 0.4,
        "shadowRadius": 2,
      },
      undefined,
    ]
  }
>
  <Text
    style={
      Object {
        "color": "white",
        "fontFamily": "gibson-regular",
        "fontSize": 16,
        "letterSpacing": 0.25,
        "lineHeight": 21,
      }
    }
  >
    
  </Text>
</View>
`;
