// Jest Snapshot v1, https://goo.gl/fbAQLP

exports[`<Text /> renders correctly 1`] = `
<Text
  style={
    Object {
      "fontFamily": "gibson-regular",
      "fontSize": 16,
    }
  }
>
  Simple body text
</Text>
`;
